main.c:120:5:main	88	static
main.c:571:6:SystemClock_Config	88	static
main.c:616:13:MX_ADC1_Init	24	static
main.c:666:13:MX_SPI3_Init	8	static
main.c:704:13:MX_TIM3_Init	32	static
main.c:749:13:MX_TIM5_Init	32	static
main.c:794:13:MX_USART2_UART_Init	8	static
main.c:825:13:MX_DMA_Init	16	static
main.c:847:13:MX_GPIO_Init	48	static
main.c:887:6:MCP4922SetOutput	24	static
main.c:894:6:HAL_SPI_TxCpltCallback	16	static
main.c:902:6:HAL_TIM_PeriodElapsedCallback	16	static
main.c:909:10:micros	4	static
main.c:913:6:pim	16	static
main.c:918:6:pimstatus	56	static
main.c:930:7:adcconvert	16	static
main.c:943:6:Error_Handler	4	static,ignoring_inline_asm
