main.c:102:5:main	24	static
main.c:461:6:SystemClock_Config	88	static
main.c:506:13:MX_ADC1_Init	24	static
main.c:556:13:MX_SPI3_Init	8	static
main.c:594:13:MX_TIM3_Init	32	static
main.c:639:13:MX_TIM5_Init	32	static
main.c:684:13:MX_USART2_UART_Init	8	static
main.c:715:13:MX_DMA_Init	16	static
main.c:737:13:MX_GPIO_Init	48	static
main.c:777:6:MCP4922SetOutput	24	static
main.c:784:6:HAL_SPI_TxCpltCallback	16	static
main.c:792:6:HAL_TIM_PeriodElapsedCallback	16	static
main.c:799:10:micros	4	static
main.c:803:6:pim	16	static
main.c:808:6:pimstatus	56	static
main.c:827:6:Error_Handler	4	static,ignoring_inline_asm
